
#####################
# Aménagement
#####################

LAYER
  NAME "la3_limites_communales"
  TYPE POLYGON
  CONNECTIONTYPE POSTGIS
  CONNECTION "user=www-data password=www-data dbname=mapfish host=nesitn3 port=5432"
  PROCESSING "CLOSE_CONNECTION=DEFER"
  DATA "geom from general.la3_limites_communales using unique numcom using srid=21781"
  STATUS ON
  CLASS
    NAME "Limites communales"
    STYLE
      OUTLINECOLOR 90 90 90
    END 
  END
  METADATA
    "ows_title" "la3_limites_communales"
    "wms_srs" "epsg:21781"
  END
  PROJECTION
    "init=epsg:21781"   ##required
  END
END

LAYER
  NAME "at23_perimetres_archeologiques"
  TYPE POLYGON
  METADATA
       "ows_title" "at23_perimetres_archeologiques"
       " wms_srs" "epsg:21781"
  END
  CONNECTIONTYPE POSTGIS
  CONNECTION "user=www-data password=www-data dbname=mapfish host=nesitn3 port=5432"
  PROCESSING "CLOSE_CONNECTION=DEFER"
  DATA "geom from amenagement.at23_perimetres_archeologiques using unique idobj using srid=21781"
  STATUS ON
  TEMPLATE "ttt"
  CLASS
    NAME "Périmètres archéologiques"
    SYMBOL "pointilles2"
    SIZE 4	
    OUTLINECOLOR 0 0 0
  END
  MAXSCALEDENOM 200000
END

LAYER
  NAME "at24_perimetres_tir"
  TYPE POLYGON
  METADATA
       "ows_title" "at24_perimetres_tir"
       " wms_srs" "epsg:21781"
  END
  CONNECTIONTYPE POSTGIS
  CONNECTION "user=www-data password=www-data dbname=mapfish host=nesitn3 port=5432"
  PROCESSING "CLOSE_CONNECTION=DEFER"
  DATA "geom from amenagement.at24_perimetres_tir using unique idobj using srid=21781"
  STATUS ON
  TEMPLATE "ttt"
  CLASS
    NAME "Périmètres de tir"
    STYLE
        OUTLINECOLOR 0 0 0
        PATTERN 7 4 7 4 3 4 3 4 3 4 END
        WIDTH 3
    END
  END
END

LAYER
 NAME "clo_couloirs"
  TYPE POLYGON
  METADATA
       "ows_title" "clo_couloirs"
       " wms_srs" "epsg:21781"
  END
  CONNECTIONTYPE POSTGIS
  CONNECTION "user=www-data password=www-data dbname=mapfish host=nesitn3 port=5432"
  PROCESSING "CLOSE_CONNECTION=DEFER"
  DATA "geom from amenagement.clo_couloirs using unique idobj using srid=21781"
  STATUS ON
  TEMPLATE "ttt"
  CLASS
    NAME "Couloirs lim. obstacles"
    STYLE
        OUTLINECOLOR 255 0 0
        SYMBOL points3
        SIZE 5
    END
  END
  MINSCALEDENOM 0
  MAXSCALEDENOM 101000
END

LAYER
 NAME "clo_cotes_altitude_surfaces"
  TYPE POLYGON
  METADATA
       "ows_title" "clo_cotes_altitude_surfaces"
       " wms_srs" "epsg:21781"
  END
  CONNECTIONTYPE POSTGIS
  CONNECTION "user=www-data password=www-data dbname=mapfish host=nesitn3 port=5432"
  PROCESSING "CLOSE_CONNECTION=DEFER"
  DATA "geom from amenagement.clo_cotes_altitude_surfaces using unique idobj using srid=21781"
  STATUS ON
  TEMPLATE "ttt" 
  LABELITEM "cote_alt_obstacles_maximum"
  CLASS
    NAME "Cote altitude surfaces"
    STYLE
        OUTLINECOLOR 255 0 0
        WIDTH 1.0
        PATTERN 3 3 END
    END
    LABEL
      TYPE TRUETYPE
      FONT verdana
      SIZE 8
      ANTIALIAS TRUE
      COLOR 255 0 0
      OUTLINECOLOR 255 255 255
      MINFEATURESIZE 50
    END
  END
  MINSCALEDENOM 0
  MAXSCALEDENOM 101000
END

#####################
# Environnement
#####################

LAYER
 NAME "ex01_cours_eau"
  TYPE LINE
  METADATA
       "ows_title" "ex01_cours_eau"
       " wms_srs" "epsg:21781"
  END
  CONNECTIONTYPE POSTGIS
  CONNECTION "user=www-data password=www-data dbname=mapfish host=nesitn3 port=5432"
  PROCESSING "CLOSE_CONNECTION=DEFER"
  DATA "geom from environnement.ex01_cours_eau using unique idobj using srid=21781"
  STATUS ON
  TEMPLATE "ttt"
  CLASS
    NAME "Cours eau"
    STYLE
      WIDTH 2
      COLOR 0 0 255
    END
  END
  MINSCALEDENOM 500
END

#####################
# Mensuration
#####################

LAYER
 NAME "batiments_ofs"
  TYPE POINT
  METADATA
       "ows_title" "batiments_ofs"
       " wms_srs" "epsg:21781"
  END
  CONNECTIONTYPE POSTGIS
  CONNECTION "user=www-data password=www-data dbname=mapfish host=nesitn3 port=5432"
  PROCESSING "CLOSE_CONNECTION=DEFER"
  DATA "geom from batiments_ofs using unique egid using srid=21781"
  STATUS ON
  TEMPLATE "ttt"
  LABELITEM "egid"
  CLASS
    NAME "Bât. fédéraux (EGID)"
    SYMBOL "circle"
    SIZE 3
    COLOR 128 0 0
    LABEL
      TYPE TRUETYPE
      FONT arialbd
      SIZE 8
      ANTIALIAS TRUE
      COLOR 128 0 0
      OUTLINECOLOR 255 255 255
      POSITION uc 
    END
  END
  MINSCALEDENOM 0
  MAXSCALEDENOM 5001
  TOLERANCE 5
  TOLERANCEUNITS pixels
END

LAYER
 NAME "mo_distr_plans"
  TYPE POLYGON
  METADATA
       "ows_title" "mo_distr_plans"
       " wms_srs" "epsg:21781"
  END
  CONNECTIONTYPE POSTGIS
  CONNECTION "user=www-data password=www-data dbname=mapfish host=nesitn3 port=5432"
  PROCESSING "CLOSE_CONNECTION=DEFER"
  DATA "geom from mensuration.mo_distr_plans using unique idobj using srid=21781"
  STATUS ON
  TEMPLATE "ttt"
  LABELITEM "planno"
  CLASS
    NAME "Distributions des plans"
    STYLE
      OUTLINECOLOR 140 40 40
      WIDTH 3
    END
    LABEL
        TYPE TRUETYPE
        FONT verdana
        MAXSIZE 9
        SIZE 8
        MINSIZE 7
        ANGLE AUTO
        ANTIALIAS TRUE
        COLOR 140 40 40
        STYLE
            GEOMTRANSFORM 'labelpoly'
            COLOR 255 255 255
        END
    END
  END
  MINSCALEDENOM 0
  MAXSCALEDENOM 30000
END

LAYER
 NAME "mo25_noms_locaux"
  TYPE POLYGON
  METADATA
       "ows_title" "mo25_noms_locaux"
       " wms_srs" "epsg:21781"
  END
  CONNECTIONTYPE POSTGIS
  CONNECTION "user=www-data password=www-data dbname=mapfish host=nesitn3 port=5432"
  PROCESSING "CLOSE_CONNECTION=DEFER"
  DATA "geom from mensuration.mo25_noms_locaux using unique idobj using srid=21781"
  STATUS ON
  TEMPLATE "ttt"
  MINSCALEDENOM 0
  MAXSCALEDENOM 150000
  OPACITY 50
  CLASSITEM "noclass"
  LABELITEM "nomloc"
  LABELMINSCALE 7000
  LABELMAXSCALE 30000
  CLASS
    EXPRESSION ([noclass]=1)
    COLOR 176 255 176
    LABEL
        TYPE TRUETYPE
        FONT arialbd
        MAXSIZE 10
        SIZE 8
        MINSIZE 7
        ANTIALIAS TRUE
        COLOR 0 0 0
        OUTLINECOLOR 255 255 255
    END
  END
  CLASS
    EXPRESSION ([noclass]=2)
    COLOR 255 232 208 
    LABEL
        TYPE TRUETYPE
        FONT arialbd
        MAXSIZE 10
        SIZE 8
        MINSIZE 7
        ANTIALIAS TRUE
        COLOR 0 0 0
        OUTLINECOLOR 255 255 255
    END
  END
  CLASS
    EXPRESSION ([noclass]=3)
    COLOR 255 208 255 
    LABEL
        TYPE TRUETYPE
        FONT arialbd
        MAXSIZE 10
        SIZE 8
        MINSIZE 7
        ANTIALIAS TRUE
        COLOR 0 0 0
        OUTLINECOLOR 255 255 255
    END
  END
  CLASS
    EXPRESSION ([noclass]=4)
    COLOR 255 208 64 
    LABEL
        TYPE TRUETYPE
        FONT arialbd
        MAXSIZE 10
        SIZE 8
        MINSIZE 7
        ANTIALIAS TRUE
        COLOR 0 0 0
        OUTLINECOLOR 255 255 255
    END
  END
  CLASS
    EXPRESSION ([noclass]=5)
    COLOR 255 124 80 
    LABEL
        TYPE TRUETYPE
        FONT arialbd
        MAXSIZE 10
        SIZE 8
        MINSIZE 7
        ANTIALIAS TRUE
        COLOR 0 0 0
        OUTLINECOLOR 255 255 255
    END
  END
  CLASS
    EXPRESSION ([noclass]=6)
    COLOR 208 156 0 
    LABEL
        TYPE TRUETYPE
        FONT arialbd
        MAXSIZE 10
        SIZE 8
        MINSIZE 7
        ANTIALIAS TRUE
        COLOR 0 0 0
        OUTLINECOLOR 255 255 255
    END
  END
  CLASS
    EXPRESSION ([noclass]=7)
    COLOR 255 184 60 
    LABEL
        TYPE TRUETYPE
        FONT arialbd
        MAXSIZE 10
        SIZE 8
        MINSIZE 7
        ANTIALIAS TRUE
        COLOR 0 0 0
        OUTLINECOLOR 255 255 255
    END
  END
  CLASS
    EXPRESSION ([noclass]=8)
    COLOR 160 255 208 
    LABEL
        TYPE TRUETYPE
        FONT arialbd
        MAXSIZE 10
        SIZE 8
        MINSIZE 7
        ANTIALIAS TRUE
        COLOR 0 0 0
        OUTLINECOLOR 255 255 255
    END
  END
  CLASS
    EXPRESSION ([noclass]=9)
    COLOR 192 128 255 
    LABEL
        TYPE TRUETYPE
        FONT arialbd
        MAXSIZE 10
        SIZE 8
        MINSIZE 7
        ANTIALIAS TRUE
        COLOR 0 0 0
        OUTLINECOLOR 255 255 255
    END
  END
  CLASS
    EXPRESSION ([noclass]=10)
    COLOR 255 128 0 
    LABEL
        TYPE TRUETYPE
        FONT arialbd
        MAXSIZE 10
        SIZE 8
        MINSIZE 7
        ANTIALIAS TRUE
        COLOR 0 0 0
        OUTLINECOLOR 255 255 255
    END
  END
  CLASS
    EXPRESSION ([noclass]=11)
    COLOR 80 255 255 
    LABEL
        TYPE TRUETYPE
        FONT arialbd
        MAXSIZE 10
        SIZE 8
        MINSIZE 7
        ANTIALIAS TRUE
        COLOR 0 0 0
        OUTLINECOLOR 255 255 255
    END
  END
  CLASS
    EXPRESSION ([noclass]=12)
    COLOR 255 160 160 
    LABEL
        TYPE TRUETYPE
        FONT arialbd
        MAXSIZE 10
        SIZE 8
        MINSIZE 7
        ANTIALIAS TRUE
        COLOR 0 0 0
        OUTLINECOLOR 255 255 255
    END
  END
  CLASS
    EXPRESSION ([noclass]=13)
    COLOR 192 255 96 
    LABEL
        TYPE TRUETYPE
        FONT arialbd
        MAXSIZE 10
        SIZE 8
        MINSIZE 7
        ANTIALIAS TRUE
        COLOR 0 0 0
        OUTLINECOLOR 255 255 255
    END
  END
  CLASS
    EXPRESSION ([noclass]=14)
    COLOR 0 128 192 
    LABEL
        TYPE TRUETYPE
        FONT arialbd
        MAXSIZE 10
        SIZE 8
        MINSIZE 7
        ANTIALIAS TRUE
        COLOR 0 0 0
        OUTLINECOLOR 255 255 255
    END
  END
  CLASS
    EXPRESSION ([noclass]=15)
    COLOR 255 0 138 
    LABEL
        TYPE TRUETYPE
        FONT arialbd
        MAXSIZE 10
        SIZE 8
        MINSIZE 7
        ANTIALIAS TRUE
        COLOR 0 0 0
        OUTLINECOLOR 255 255 255
    END
  END
  CLASS
    EXPRESSION ([noclass]=16)
    COLOR 255 255 0 
    LABEL
        TYPE TRUETYPE
        FONT arialbd
        MAXSIZE 10
        SIZE 8
        MINSIZE 7
        ANTIALIAS TRUE
        COLOR 0 0 0
        OUTLINECOLOR 255 255 255
    END
  END
  CLASS
    EXPRESSION ([noclass]=17)
    COLOR 176 229 155 
    LABEL
        TYPE TRUETYPE
        FONT arialbd
        MAXSIZE 10
        SIZE 8
        MINSIZE 7
        ANTIALIAS TRUE
        COLOR 0 0 0
        OUTLINECOLOR 255 255 255
    END
  END
  CLASS
    EXPRESSION ([noclass]=18)
    COLOR 192 0 96 
    LABEL
        TYPE TRUETYPE
        FONT arialbd
        MAXSIZE 10
        SIZE 8
        MINSIZE 7
        ANTIALIAS TRUE
        COLOR 0 0 0
        OUTLINECOLOR 255 255 255
    END
  END
  CLASS
    EXPRESSION ([noclass]=19)
    COLOR 0 224 0 
    LABEL
        TYPE TRUETYPE
        FONT arialbd
        MAXSIZE 10
        SIZE 8
        MINSIZE 7
        ANTIALIAS TRUE
        COLOR 0 0 0
        OUTLINECOLOR 255 255 255
    END
  END
  CLASS
    EXPRESSION ([noclass]=20)
    COLOR 144 144 255 
    LABEL
        TYPE TRUETYPE
        FONT arialbd
        MAXSIZE 10
        SIZE 8
        MINSIZE 7
        ANTIALIAS TRUE
        COLOR 0 0 0
        OUTLINECOLOR 255 255 255
    END
  END
  CLASS
    EXPRESSION ([noclass]=21)
    COLOR 192 0 192
    LABEL
        TYPE TRUETYPE
        FONT arialbd
        MAXSIZE 10
        SIZE 8
        MINSIZE 7
        ANTIALIAS TRUE
        COLOR 0 0 0
        OUTLINECOLOR 255 255 255
    END
  END
  CLASS
    EXPRESSION ([noclass]=22)
    COLOR 255 152 48 
    LABEL
        TYPE TRUETYPE
        FONT arialbd
        MAXSIZE 10
        SIZE 8
        MINSIZE 7
        ANTIALIAS TRUE
        COLOR 0 0 0
        OUTLINECOLOR 255 255 255
    END
  END
  CLASS
    EXPRESSION ([noclass]=23)
    COLOR 0 128 192 
    LABEL
        TYPE TRUETYPE
        FONT arialbd
        MAXSIZE 10
        SIZE 8
        MINSIZE 7
        ANTIALIAS TRUE
        COLOR 0 0 0
        OUTLINECOLOR 255 255 255
    END
  END
  CLASS
    EXPRESSION ([noclass]=24)
    COLOR 255 64 0 
    LABEL
        TYPE TRUETYPE
        FONT arialbd
        MAXSIZE 10
        SIZE 8
        MINSIZE 7
        ANTIALIAS TRUE
        COLOR 0 0 0
        OUTLINECOLOR 255 255 255
    END
  END
  CLASS
    EXPRESSION ([noclass]=25)
    COLOR 0 255 0 
    LABEL
        TYPE TRUETYPE
        FONT arialbd
        MAXSIZE 10
        SIZE 8
        MINSIZE 7
        ANTIALIAS TRUE
        COLOR 0 0 0
        OUTLINECOLOR 255 255 255
    END
  END
  CLASS
    EXPRESSION ([noclass]=26)
    COLOR 255 0 255 
    LABEL
        TYPE TRUETYPE
        FONT arialbd
        MAXSIZE 10
        SIZE 8
        MINSIZE 7
        ANTIALIAS TRUE
        COLOR 0 0 0
        OUTLINECOLOR 255 255 255
    END
  END
  CLASS
    EXPRESSION ([noclass]=27)
    COLOR 192 192 0
    LABEL
        TYPE TRUETYPE
        FONT arialbd
        MAXSIZE 10
        SIZE 8
        MINSIZE 7
        ANTIALIAS TRUE
        COLOR 0 0 0
        OUTLINECOLOR 255 255 255
    END
  END
END

LAYER
 NAME "mo4_pfp_1_2"
  TYPE POINT
  METADATA
       "ows_title" "mo4_pfp_1_2"
       " wms_srs" "epsg:21781"
  END
  CONNECTIONTYPE POSTGIS
  CONNECTION "user=www-data password=www-data dbname=mapfish host=nesitn3 port=5432"
  PROCESSING "CLOSE_CONNECTION=DEFER"
  DATA "geom from mensuration.mo4_pfp_1_2 using unique idobj using srid=21781"
  STATUS ON
  TEMPLATE "ttt"
  LABELITEM "nopoin"
  CLASS
    NAME "PFP1/2"
    STYLE    
        SYMBOL "triangle"
        SIZE 11
        COLOR 255 255 255 
    END
    STYLE    
        SYMBOL "triangle"
        SIZE 11
        OUTLINECOLOR 0 0 0
        WIDTH 1
    END
    STYLE    
        SYMBOL "triangle"
        SIZE 4.5
        COLOR 0 0 0
        OFFSET 0 1.5
    END
    LABEL
      TYPE TRUETYPE
      FONT arialn
      ANTIALIAS TRUE
      COLOR 0 0 0
      OUTLINECOLOR 255 255 255
      MAXSIZE 8
      SIZE 7
      MINSIZE 7
      POSITION auto
    END

  END
  MINSCALEDENOM 0
  MAXSCALEDENOM 100001
  TOLERANCE 5
  TOLERANCEUNITS pixels
END

LAYER
 NAME "mo4_pfp_3"
  TYPE POINT
  METADATA
       "ows_title" "mo4_pfp_3"
       " wms_srs" "epsg:21781"
  END
  CONNECTIONTYPE POSTGIS
  CONNECTION "user=www-data password=www-data dbname=mapfish host=nesitn3 port=5432"
  PROCESSING "CLOSE_CONNECTION=DEFER"
  DATA "geom from mensuration.mo4_pfp_3 using unique idobj using srid=21781"
  STATUS ON
  TEMPLATE "ttt"
  CLASS
    NAME "PFP3"
    STYLE
    SYMBOL "circle"
    SIZE 10
    COLOR 255 255 255
    END
    STYLE
    SYMBOL "pfp_3"
    SIZE 10
    COLOR 0 0 0
    END
    MINSCALEDENOM 0
    MAXSCALEDENOM 7000
  END  
  TOLERANCE 5
  TOLERANCEUNITS pixels
END


LAYER
 NAME "mo4_pfa_1"
  TYPE POINT
  METADATA
       "ows_title" "mo4_pfa_1"
       " wms_srs" "epsg:21781"
  END
  CONNECTIONTYPE POSTGIS
  CONNECTION "user=www-data password=www-data dbname=mapfish host=nesitn3 port=5432"
  PROCESSING "CLOSE_CONNECTION=DEFER"
  DATA "geom from mensuration.mo4_pfa_1 using unique idobj using srid=21781"
  STATUS ON
  CLASSITEM "valeur"
  TEMPLATE "ttt"
  CLASS
    NAME "PFA1"
    EXPRESSION /./
    STYLE
    SYMBOL "circle"
    SIZE 10
    COLOR 255 255 255
    OUTLINECOLOR 0 0 0
    END
    STYLE
    SYMBOL "circle"
    SIZE 5
    COLOR 0 0 0
    END
    MINSCALEDENOM 0
    MAXSCALEDENOM 100001
  END
  TOLERANCE 5
  TOLERANCEUNITS pixels
END

LAYER
 NAME "mo7_obj_divers_cordbois"
  TYPE POLYGON
  METADATA
       "ows_title" "mo7_obj_divers_cordbois"
       " wms_srs" "epsg:21781"
  END
  CONNECTIONTYPE POSTGIS
  CONNECTION "user=www-data password=www-data dbname=mapfish host=nesitn3 port=5432"
  PROCESSING "CLOSE_CONNECTION=DEFER"
  DATA "geom from mensuration.mo7_obj_divers_cordbois using unique idobj using srid=21781"
  STATUS ON
  MINSCALEDENOM 0
  MAXSCALEDENOM 3001
  CLASS
    NAME "Cordons boises"
    STYLE
        PATTERN 7 7 END
        OUTLINECOLOR 130 130 130
        WIDTH 1
    END  
  END
END

LAYER
 NAME "mo7_obj_divers_piscine"
  TYPE POLYGON
  METADATA
       "ows_title" "mo7_obj_divers_piscine"
       " wms_srs" "epsg:21781"
  END
  CONNECTIONTYPE POSTGIS
  CONNECTION "user=www-data password=www-data dbname=mapfish host=nesitn3 port=5432"
  PROCESSING "CLOSE_CONNECTION=DEFER"
  DATA "geom from mensuration.mo7_obj_divers_piscine using unique idobj using srid=21781"
  STATUS ON
  MINSCALEDENOM 0
  MAXSCALEDENOM 3001
  CLASS
    NAME "Piscines"
    STYLE
        OUTLINECOLOR 130 130 130
        PATTERN 5 5 END
        WIDTH 1
    END
  END
END

LAYER
 NAME "mo7_obj_divers_couvert"
  TYPE POLYGON
  METADATA
       "ows_title" "mo7_obj_divers_couvert"
       " wms_srs" "epsg:21781"
  END
  CONNECTIONTYPE POSTGIS
  CONNECTION "user=www-data password=www-data dbname=mapfish host=nesitn3 port=5432"
  PROCESSING "CLOSE_CONNECTION=DEFER"
  DATA "geom from mensuration.mo7_obj_divers_couvert using unique idobj using srid=21781"
  STATUS ON
  MINSCALEDENOM 0
  MAXSCALEDENOM 3001
  CLASS
    NAME "Couverts"
    STYLE
        OUTLINECOLOR 130 130 130
        WIDTH 1.0
        PATTERN 3 3 END
    END
  END
END

LAYER
 NAME "mo7_obj_divers_lineaire"
  TYPE LINE
  METADATA
       "ows_title" "mo7_obj_divers_lineaire"
       " wms_srs" "epsg:21781"
  END
  CONNECTIONTYPE POSTGIS
  CONNECTION "user=www-data password=www-data dbname=mapfish host=nesitn3 port=5432"
  PROCESSING "CLOSE_CONNECTION=DEFER"
  DATA "geom from mensuration.mo7_obj_divers_lineaire using unique idobj using srid=21781"
  STATUS ON
  MINSCALEDENOM 0
  MAXSCALEDENOM 3001
  CLASSITEM "penpatter"
  CLASS
    NAME "Non visible"
    EXPRESSION /5|9|15/
    STYLE
        PATTERN 7 7 END
        OUTLINECOLOR 130 130 130
        WIDTH 1
    END  
  END
  CLASS
    NAME "Linéaires"
    EXPRESSION /20/
    STYLE
        COLOR 255 255 255
        WIDTH 2
    END
    STYLE
        COLOR 0 0 0
        PATTERN 7 7 END
        WIDTH 0.75
    END
  END
  CLASS
    NAME "visible"
    EXPRESSION /./
    STYLE
      WIDTH 1
      COLOR 130 130 130
    END
  END
END

#######################################################################

LAYER
  NAME "mo14_servitudes_c_lig"
  TYPE LINE
  METADATA
       "ows_title" "mo14_servitudes_c_lig"
       " wms_srs" "epsg:21781"
  END
  CONNECTIONTYPE POSTGIS
  CONNECTION "user=www-data password=www-data dbname=mapfish host=nesitn3 port=5432"
  PROCESSING "CLOSE_CONNECTION=DEFER"
  DATA "geom from mensuration.mo14_servitudes_c_lig using unique idobj using srid=21781"
  STATUS ON
  TEMPLATE "ttt"
  MINSCALEDENOM 0
  MAXSCALEDENOM 5001
  CLASS
    NAME "Autres"
    STYLE
        PATTERN 7 7 END
        OUTLINECOLOR 0 0 0
        WIDTH 2
    END 
  END
END

LAYER
  NAME "mo14_servitudes_c_surf_autre"
  TYPE POLYGON
  METADATA
       "ows_title" "mo14_servitudes_c_surf_autre"
       " wms_srs" "epsg:21781"
  END
  CONNECTIONTYPE POSTGIS
  CONNECTION "user=www-data password=www-data dbname=mapfish host=nesitn3 port=5432"
  PROCESSING "CLOSE_CONNECTION=DEFER"
  DATA "geom from mensuration.mo14_servitudes_c_surf_autre using unique idobj using srid=21781"
  STATUS ON
  TEMPLATE "ttt"
  LABELITEM "text10"
  MINSCALEDENOM 0
  MAXSCALEDENOM 5001
  LABELMAXSCALE 2000
  CLASS
    NAME "Surf. autre"
    STYLE
      SYMBOL "hachure2"
      COLOR 50 50 50
      SIZE 6
    END
    STYLE
      SYMBOL 0
      OUTLINECOLOR 50 50 50
      SIZE 1
    END
    LABEL
        TYPE TRUETYPE
        FONT verdana
        MAXSIZE 10
        SIZE 8
        MINSIZE 7
        ANGLE AUTO
        ANTIALIAS TRUE
        COLOR 0 0 0
        STYLE
            GEOMTRANSFORM 'labelpoly'
            COLOR 255 255 255
        END 
    END
  END
END

LAYER
  NAME "mo14_servitudes_c_surf"
  TYPE POLYGON
  METADATA
       "ows_title" "mo14_servitudes_c_surf"
       " wms_srs" "epsg:21781"
  END
  CONNECTIONTYPE POSTGIS
  CONNECTION "user=www-data password=www-data dbname=mapfish host=nesitn3 port=5432"
  PROCESSING "CLOSE_CONNECTION=DEFER"
  DATA "geom from mensuration.mo14_servitudes_c_surf using unique idobj using srid=21781"
  STATUS ON
  TEMPLATE "ttt"
  OPACITY 50
  LABELITEM "text10"
  LABELMAXSCALE 2000 
  MINSCALEDENOM 0
  MAXSCALEDENOM 5001
  CLASS
    NAME "Passages"
    STYLE
      SYMBOL 0
      COLOR 220 220 220
    END
    STYLE  
      OUTLINECOLOR 0 0 0
      PATTERN 5 5 END
      WIDTH 2
    END
    LABEL
        TYPE TRUETYPE
        FONT verdana
        MAXSIZE 10
        SIZE 8
        MINSIZE 7
        ANGLE AUTO
        ANTIALIAS TRUE
        COLOR 0 0 0
        STYLE
            GEOMTRANSFORM 'labelpoly'
            COLOR 255 255 255
        END
    END
  END
END


LAYER
 NAME "mo14_servitudes_a_lig"
  TYPE LINE
  METADATA
       "ows_title" "mo14_servitudes_a_lig"
       " wms_srs" "epsg:21781"
  END
  CONNECTIONTYPE POSTGIS
  CONNECTION "user=www-data password=www-data dbname=mapfish host=nesitn3 port=5432"
  PROCESSING "CLOSE_CONNECTION=DEFER"
  DATA "geom from mensuration.mo14_servitudes_a_lig using unique idobj using srid=21781"
  STATUS ON
  TEMPLATE "ttt"
  MINSCALEDENOM 0
  MAXSCALEDENOM 5001
  LABELMAXSCALE 2000
  LABELITEM "text10"
  CLASS
    NAME "Constructions"
    STYLE
        OUTLINECOLOR 0 0 0
        PATTERN 5 5 END
        WIDTH 2
    END
    LABEL
        TYPE TRUETYPE
        FONT verdana
        MAXSIZE 10
        SIZE 8
        MINSIZE 7
        ANGLE AUTO
        ANTIALIAS TRUE
        COLOR 0 0 0
        STYLE
            GEOMTRANSFORM 'labelpoly'
            COLOR 255 255 255
        END  
    END
  END
END

LAYER
  NAME "mo14_servitudes_a_surf"
  TYPE POLYGON
  METADATA
       "ows_title" "mo14_servitudes_a_surf"
       " wms_srs" "epsg:21781"
  END
  CONNECTIONTYPE POSTGIS
  CONNECTION "user=www-data password=www-data dbname=mapfish host=nesitn3 port=5432"
  PROCESSING "CLOSE_CONNECTION=DEFER"
  DATA "geom from mensuration.mo14_servitudes_a_surf using unique idobj using srid=21781"
  STATUS ON
  TEMPLATE "ttt"
  LABELMAXSCALE 2000
  LABELITEM "text10"
  MINSCALEDENOM 0
  MAXSCALEDENOM 5001
  CLASS
    NAME "Constructions surf."
    STYLE
      SYMBOL "hachure3"
      COLOR 50 50 50
      SIZE 7
    END
    STYLE
      SYMBOL "hachure4"
      COLOR 50 50 50
      SIZE 7
    END
    STYLE
      SYMBOL 0
      OUTLINECOLOR 50 50 50
      SIZE 1
    END
    LABEL
        TYPE TRUETYPE
        FONT verdana
        MAXSIZE 10
        SIZE 8
        MINSIZE 7
        ANGLE AUTO
        ANTIALIAS TRUE
        COLOR 0 0 0
        STYLE
            GEOMTRANSFORM 'labelpoly'
            COLOR 255 255 255
        END  
    END
  END
END

LAYER
 NAME "mo14_servitudes_g_lig"
  TYPE LINE
  METADATA
       "ows_title" "mo14_servitudes_g_lig"
       " wms_srs" "epsg:21781"
  END
  CONNECTIONTYPE POSTGIS
  CONNECTION "user=www-data password=www-data dbname=mapfish host=nesitn3 port=5432"
  PROCESSING "CLOSE_CONNECTION=DEFER"
  DATA "geom from mensuration.mo14_servitudes_g_lig using unique idobj using srid=21781"
  STATUS ON
  TEMPLATE "ttt"
  LABELMAXSCALE 2000
  LABELITEM "text10"
  MINSCALEDENOM 0
  MAXSCALEDENOM 5001
  CLASS
    NAME "Constructions"
    STYLE
        OUTLINECOLOR 0 0 0
        PATTERN 5 5 2 5 END
        WIDTH 2
    END
    LABEL
        TYPE TRUETYPE
        FONT verdana
        MAXSIZE 10
        SIZE 8
        MINSIZE 7
        ANGLE AUTO
        ANTIALIAS TRUE
        COLOR 0 0 0
        STYLE
            GEOMTRANSFORM 'labelpoly'
            COLOR 255 255 255
        END
    END
  END
END

LAYER
 NAME "mo14_servitudes_g_pts"
  TYPE POINT
  METADATA
       "ows_title" "mo14_servitudes_g_pts"
       " wms_srs" "epsg:21781"
  END
  CONNECTIONTYPE POSTGIS
  CONNECTION "user=www-data password=www-data dbname=mapfish host=nesitn3 port=5432"
  PROCESSING "CLOSE_CONNECTION=DEFER"
  DATA "geom from mensuration.mo14_servitudes_g_pts using unique idobj using srid=21781"
  STATUS ON
  TEMPLATE "ttt"
  LABELMAXSCALE 2000
  LABELITEM "text10"
  MINSCALEDENOM 0
  MAXSCALEDENOM 5001
  CLASS
    NAME "Regards"
    STYLE
      SYMBOL "circle"
      OUTLINECOLOR 0 0 0
      SIZE 10
    END
    STYLE
      SYMBOL "circle"
      OUTLINECOLOR 0 0 0
      SIZE 8
    END
    LABEL
        TYPE TRUETYPE
        FONT verdana
        MAXSIZE 10
        SIZE 8
        MINSIZE 7
        ANGLE AUTO
        POSITION uc
        ANTIALIAS TRUE
        COLOR 0 0 0
        STYLE
            GEOMTRANSFORM 'labelpoly'
            COLOR 255 255 255
        END   
    END
  END
END

LAYER
 NAME "mo14_servitudes_g_surf"
  TYPE POLYGON
  METADATA
       "ows_title" "mo14_servitudes_g_surf"
       " wms_srs" "epsg:21781"
  END
  CONNECTIONTYPE POSTGIS
  CONNECTION "user=www-data password=www-data dbname=mapfish host=nesitn3 port=5432"
  PROCESSING "CLOSE_CONNECTION=DEFER"
  DATA "geom from mensuration.mo14_servitudes_g_surf using unique idobj using srid=21781"
  STATUS ON
  TEMPLATE "ttt"
  LABELMAXSCALE 2000
  LABELITEM "text10"
  MINSCALEDENOM 0
  MAXSCALEDENOM 5001
  CLASS
    NAME "Surf. eaux"
    STYLE
      SYMBOL "hachure1"
      COLOR 50 50 50
      SIZE 6
    END
    STYLE
      SYMBOL "hachure2"
      COLOR 50 50 50
      SIZE 6
    END
    STYLE
      SYMBOL 0
      OUTLINECOLOR 50 50 50
      SIZE 1
    END
    LABEL
        TYPE TRUETYPE
        FONT verdana
        MAXSIZE 10
        SIZE 8
        MINSIZE 7
        ANGLE AUTO
        ANTIALIAS TRUE
        COLOR 0 0 0
        STYLE
            GEOMTRANSFORM 'labelpoly'
            COLOR 255 255 255
        END   
    END
  END
END

LAYER
NAME "mo5_point_de_detail"
  TYPE POINT
  METADATA
       "ows_title" "mo5_point_de_detail"
       " wms_srs" "epsg:21781"
  END
  CONNECTIONTYPE POSTGIS
  CONNECTION "user=www-data password=www-data dbname=mapfish host=nesitn3 port=5432"
  PROCESSING "CLOSE_CONNECTION=DEFER"
  DATA "geom from mensuration.mo5_point_de_detail using unique idobj using srid=21781"
  STATUS ON
  MINSCALEDENOM 0
  MAXSCALEDENOM 2001
  CLASSITEM "nature"
  TEMPLATE "ttt"
  CLASS
    NAME "Borne"
    EXPRESSION /1/	
    SYMBOL "circle"
    SIZE 7
    COLOR 255 255 255 
    OUTLINECOLOR 0 0 0
  END
  CLASS
    NAME "Cheville"
    EXPRESSION /2/	
    SYMBOL "circle"
    SIZE 6
    COLOR 255 255 255 
    OUTLINECOLOR 0 0 0
  END  
  CLASS
    NAME "Croix"
    EXPRESSION /3/	
    SYMBOL "croix"
  END  
  CLASS
    NAME "Pieu, piquet"
    EXPRESSION /4/	
    SYMBOL "circle"
    SIZE 5
    COLOR 255 255 255 
    OUTLINECOLOR 0 0 0
  END
  CLASS
    NAME "Non mat."
    EXPRESSION /5/	
    SYMBOL "circle"
    SIZE 6
    COLOR 0 0 0 
    OUTLINECOLOR 255 255 255
  END
  CLASS
    NAME "Borne artif."
    EXPRESSION /6/	
    SYMBOL "circle"
    SIZE 7
    COLOR 255 255 255 
    OUTLINECOLOR 0 0 0
  END
  CLASS
    NAME "Tuyau"
    EXPRESSION /7/	
    SYMBOL "circle"
    SIZE 7
    COLOR 255 255 255 
    OUTLINECOLOR 0 0 0
  END
END


LAYER
    NAME "v_immeubles_txt"
    GROUP "mo9_text_group"
    TYPE ANNOTATION
    METADATA
        "ows_title" "v_immeubles_txt"
        "wms_srs" "epsg:21781"
    END
    CONNECTIONTYPE POSTGIS
    CONNECTION "user=www-data password=www-data dbname=mapfish host=nesitn3 port=5432"
    PROCESSING "CLOSE_CONNECTION=DEFER"
    DATA "geom from mensuration.v_immeubles_txt using unique oid using srid=21781"
    STATUS ON
    LABELITEM "numero"
    MAXSCALEDENOM 6000
    SYMBOLSCALE 1000
    LABELMAXSCALEDENOM 6000
    CLASSITEM "provenance"
    CLASS
        NAME "N° parcelle"
        EXPRESSION /officiel/
        LABEL
            TYPE TRUETYPE
            FONT arialbd
            MAXSIZE 11
            SIZE 10
            MINSIZE 7
            ANGLE AUTO
            ANTIALIAS TRUE
            COLOR 0 0 0
            FORCE TRUE
            OUTLINECOLOR 255 255 255
            POSITION cc
        END
    END
    CLASS
        NAME "N° parcelle provisoire"
        EXPRESSION /provisoire/
        LABEL
            TYPE TRUETYPE
            FONT arialbd
            MAXSIZE 11
            SIZE 10
            FORCE TRUE
            MINSIZE 7
            ANGLE AUTO
            ANTIALIAS TRUE
            COLOR 49 48 198
            FORCE TRUE
            OUTLINECOLOR 255 255 255
            POSITION cc
        END
    END
    CLASS
        NAME "* en mutation"
        EXPRESSION /./
        LABEL
            TYPE TRUETYPE
            FONT arialbd
            MAXSIZE 11
            SIZE 10
            MINSIZE 7
            ANGLE AUTO
            ANTIALIAS TRUE
            COLOR 0 0 0
            FORCE TRUE
            OUTLINECOLOR 255 255 255
            POSITION cc
        END
  END
END

LAYER
    NAME "mo9_immeubles_txt_rappel"
    GROUP "mo9_text_group"
    TYPE LINE
    METADATA
        "ows_title" "mo9_immeubles_txt_rappel"
        "wms_srs" "epsg:21781"
    END
    CONNECTIONTYPE POSTGIS
    CONNECTION "user=www-data password=www-data dbname=mapfish host=nesitn3 port=5432"
    PROCESSING "CLOSE_CONNECTION=DEFER"
    DATA "geom from mensuration.mo9_immeubles_txt_rappel using unique idobj using srid=21781"
    STATUS ON
    MINSCALEDENOM 0
    MAXSCALEDENOM 4000
    CLASS
        STYLE
            WIDTH 1
            COLOR 0 0 0
        END
    END
END

LAYER
    NAME "mo6_couverture_sol_nb_1"
    METADATA
        "wms_title" "Couverture du sol noir-blanc"
        "wms_srs" "EPSG:21781"
    END
    GROUP "mo6_couverture_sol_nb"
    TYPE POLYGON
    STATUS ON
    CONNECTIONTYPE POSTGIS
    CONNECTION "user=www-data password=www-data dbname=mapfish host=nesitn3 port=5432"
    PROCESSING "CLOSE_CONNECTION=DEFER"
    DATA "geom from mensuration.mo6_couverture_du_sol_surf_tot using unique idobj using srid=21781"
    TEMPLATE "ttt"
    CLASSITEM "typcou"
    CLASS
        NAME "Bois"
        EXPRESSION /bois/
        STYLE
            COLOR 255 255 255
        END
        STYLE
            SYMBOL "bois"
            COLOR 150 150 150
            OUTLINECOLOR 0 0 0
            SIZE 15
        END
    END
    CLASS
        EXPRESSION /./
        COLOR 255 255 255
        OUTLINECOLOR 0 0 0
    END
    MINSCALEDENOM 0
    MAXSCALEDENOM 15000
END

LAYER
    NAME "mo6_couverture_sol_nb_2"
    METADATA
        "wms_title" "Couverture du sol noir-blanc 2"
        "wms_srs" "EPSG:21781"
    END
    GROUP "mo6_couverture_sol_nb"
    TYPE POLYGON
    STATUS ON
    CONNECTIONTYPE POSTGIS
    CONNECTION "user=www-data password=www-data dbname=mapfish host=nesitn3 port=5432"
    PROCESSING "CLOSE_CONNECTION=DEFER"
    DATA "geom from mensuration.mo6_couverture_du_sol_surf_tot using unique idobj using srid=21781"
    TEMPLATE "ttt"
    CLASSITEM "desnat"
    CLASS
        NAME "Vigne"
        EXPRESSION /vigne/
        SYMBOL "vigne"
        COLOR 150 150 150
        OUTLINECOLOR 0 0 0
        SIZE 10
    END
    CLASS
        NAME "Sans végétation"
        EXPRESSION /rocher|éboulis|gravière|décharge|enrochement|inculte/
        STYLE
            SYMBOL "IcePack"
        END
    END
    MINSCALEDENOM 0
    MAXSCALEDENOM 15000
END

LAYER
  NAME "domaine_lac_remblaye"
  TYPE POLYGON
  METADATA
       "ows_title" "domaine_lac_remblaye"
       " wms_srs" "epsg:21781"
  END
  CONNECTIONTYPE POSTGIS
  CONNECTION "user=www-data password=www-data dbname=mapfish host=nesitn3 port=5432"
  PROCESSING "CLOSE_CONNECTION=DEFER"
  DATA "geom from mensuration.domaine_lac_remblaye using unique idobj using srid=21781"
  STATUS ON
  CLASS
    STYLE
      SYMBOL 'hachure'
      COLOR 180 0 0
      OUTLINECOLOR 180 0 0
      ANGLE 45
      SIZE 4
      WIDTH 1
      END
  END
  MINSCALEDENOM 50
  MAXSCALEDENOM 15000
END

LAYER
  NAME "mo9_immeubles"
  TYPE POLYGON
  METADATA
       "ows_title" "mo9_immeubles"
       " wms_srs" "epsg:21781"
  END
  CONNECTIONTYPE POSTGIS
  CONNECTION "user=www-data password=www-data dbname=mapfish host=nesitn3 port=5432"
  PROCESSING "CLOSE_CONNECTION=DEFER"
  DATA "geom from mensuration.mo9_immeubles using unique idobj using srid=21781"
  STATUS ON
  TEMPLATE "ttt"
  CLASSITEM "typimm"
  CLASS
    EXPRESSION /DDP/
    NAME "DDP"
    STYLE
      OUTLINECOLOR 10 10 10 
      PATTERN 7 7 END
      WIDTH 1
    END
  END
  CLASS
    EXPRESSION /DP/
    NAME "DP"
    STYLE
      OUTLINECOLOR 10 10 10 
      PATTERN 7 7 END
      WIDTH 1
    END
  END
  CLASS
    EXPRESSION /./
    NAME "Parcel. officiel"
    STYLE
      OUTLINECOLOR 0 0 0
      WIDTH 1
    END
  END
  MINSCALEDENOM 50
  MAXSCALEDENOM 15000
END

LAYER
  NAME "ag1_parcellaire_provisoire"
  TYPE POLYGON
  METADATA
       "ows_title" "ag1_parcellaire_provisoire"
       " wms_srs" "epsg:21781"
  END
  CONNECTIONTYPE POSTGIS
  CONNECTION "user=www-data password=www-data dbname=mapfish host=nesitn3 port=5432"
  PROCESSING "CLOSE_CONNECTION=DEFER"
  DATA "geom from mensuration.ag1_parcellaire_provisoire using unique idobj using srid=21781"
  STATUS ON
  LABELMAXSCALE 2500
  TEMPLATE "ttt"
  CLASS
    NAME "Parcel. provisoire"
    STYLE
      OUTLINECOLOR 49 48 198
      WIDTH 1
    END
#    TEXT ([nummai])
#    LABEL
#      TYPE TRUETYPE
#      FONT arialn
#      SIZE 9
#      ANTIALIAS TRUE
#      COLOR 49 48 198
#      OUTLINECOLOR 255 255 255
#      MINFEATURESIZE 50
#    END
  END
  MINSCALEDENOM 50
  MAXSCALEDENOM 15000
END

LAYER
  NAME "mo23_batiments_projetes"
  TYPE POLYGON
  METADATA
       "ows_title" "mo23_batiments_projetes"
       " wms_srs" "epsg:21781"
  END
  CONNECTIONTYPE POSTGIS
  CONNECTION "user=www-data password=www-data dbname=mapfish host=nesitn3 port=5432"
  PROCESSING "CLOSE_CONNECTION=DEFER"
  DATA "geom from mensuration.mo23_batiments_projetes using unique idobj using srid=21781"
  STATUS ON
  LABELMAXSCALE 1500
  TEMPLATE "ttt"
  CLASS
    NAME "Bâtiments projetés"
    EXPRESSION ([curr_fao]>=0)
    STYLE
      COLOR 0 0 255
      SYMBOL "hachure2"
      SIZE 3
    END
    STYLE
      OUTLINECOLOR 0 0 255
      WIDTH 1
    END
  END
  MINSCALEDENOM 750
  MAXSCALEDENOM 7500
END


LAYER
  NAME "mo22_batiments"
  TYPE POLYGON
  METADATA
       "ows_title" "mo22_batiments"
       " wms_srs" "epsg:21781"
  END
  CONNECTIONTYPE POSTGIS
  CONNECTION "user=www-data password=www-data dbname=mapfish host=nesitn3 port=5432"
  PROCESSING "CLOSE_CONNECTION=DEFER"
  DATA "geom from mensuration.mo22_batiments using unique idobj using srid=21781"
  STATUS ON
  LABELMAXSCALE 1500
  CLASSITEM "typcou"
  TEMPLATE "ttt"
  CLASS
    NAME "Bâtiments ordinaires"
    EXPRESSION /ordinaire/
    STYLE
      COLOR 200 200 200 
      OUTLINECOLOR 130 130 130
    END
  END
  CLASS
    NAME "Bâtiments souterrains"
    EXPRESSION /souterrain/
    STYLE
      OPACITY 40    
      COLOR 230 230 230
     END
     STYLE
    OPACITY 40
        OUTLINECOLOR 130 130 130
        PATTERN 7 7 END
        WIDTH 1
    END
  END
  MINSCALEDENOM 50
  MAXSCALEDENOM 7500
END

LAYER
  NAME "mo21_batiments_provisoires"
  TYPE POLYGON
  METADATA
       "ows_title" "mo21_batiments_provisoires"
       " wms_srs" "epsg:21781"
  END
  CONNECTIONTYPE POSTGIS
  CONNECTION "user=www-data password=www-data dbname=mapfish host=nesitn3 port=5432"
  PROCESSING "CLOSE_CONNECTION=DEFER"
  DATA "geom from mensuration.mo21_batiments_provisoires using unique idobj using srid=21781"
  STATUS ON
  LABELMAXSCALE 1500
  CLASSITEM "typcou"
  TEMPLATE "ttt"
  CLASS
    NAME "Bâtiments provisoires"
    #EXPRESSION /ordinaire/
    STYLE
      COLOR 200 200 200 
      OUTLINECOLOR 130 130 130
    END
  END
  MINSCALEDENOM 50
  MAXSCALEDENOM 7500
END